
ASEM-51 V1.3                                         Copyright (c) 2002 by W.W. Heinz                                         PAGE 1





       MCS-51 Family Macro Assembler   A S E M - 5 1   V 1.3
       =====================================================



	Source File:	..\..\vxl2\bai2\test.ASM
	Object File:	..\..\vxl2\bai2\test.hex
	List File:	..\..\vxl2\bai2\test.lst



 Line  I  Addr  Code            Source

    1:	  0000	02 02 00	LJMP	main
    2:		N      0200	org 	200H
    3:
    4:	  0200			main:
    5:	  0200	7B 03		mov 	R3,#3
    6:	  0202			loop1:
    7:	  0202	75 A0 40	mov 	P2,#01000000B;0
    8:	  0205	12 02 5A	lcall	dao
    9:	  0208	12 02 62	lcall 	wait1s
   10:
   11:	  020B	75 A0 79	mov 	P2,#01111001B;1
   12:	  020E	12 02 5A	lcall	dao
   13:	  0211	12 02 62	lcall 	wait1s
   14:
   15:	  0214	75 A0 24	mov 	P2,#00100100B;2
   16:	  0217	12 02 5A	lcall	dao
   17:	  021A	12 02 62	lcall 	wait1s
   18:
   19:	  021D	75 A0 30	mov 	P2,#00110000B;3
   20:	  0220	12 02 5A	lcall	dao
   21:	  0223	12 02 62	lcall 	wait1s
   22:
   23:	  0226	75 A0 19	mov 	P2,#00011001B;4
   24:	  0229	12 02 5A	lcall	dao
   25:	  022C	12 02 62	lcall 	wait1s
   26:
   27:	  022F	75 A0 12	mov 	P2,#00010010B;5
   28:	  0232	12 02 5A	lcall	dao
   29:	  0235	12 02 62	lcall 	wait1s
   30:
   31:	  0238	75 A0 02	mov 	P2,#00000010B
   32:	  023B	12 02 5A	lcall	dao
   33:	  023E	12 02 62	lcall 	wait1s
   34:
   35:	  0241	75 A0 78	mov 	P2,#01111000B
   36:	  0244	12 02 5A	lcall	dao
   37:	  0247	12 02 62	lcall 	wait1s
   38:
   39:	  024A	75 A0 00	mov 	P2,#00000000B
   40:	  024D	12 02 5A	lcall	dao
   41:	  0250	12 02 62	lcall 	wait1s
   42:
   43:

ASEM-51 V1.3                                         Copyright (c) 2002 by W.W. Heinz                                         PAGE 2



 Line  I  Addr  Code            Source

   44:	  0253	DB AD		djnz	r3,loop1
   45:
   46:
   47:	  0255			loop2:
   48:	  0255	80 FE		sjmp	loop2
   49:
   50:	  0257	02 02 00	ljmp	main
   51:
   52:	  025A			dao:
   53:	  025A	74 00		mov 	A,#00000000B
   54:	  025C	E5 A0		mov	A,P2
   55:	  025E	F4		CPL	A
   56:	  025F	F5 A0		mov	P2,A
   57:	  0261	22		ret
   58:
   59:
   60:	  0262			wait1s:
   61:	  0262	79 C8			mov	R1,#200
   62:	  0264			here1:
   63:	  0264	7A C8			mov	R2,#200
   64:	  0266			here2:
   65:	  0266	00			nop
   66:	  0267	00			nop
   67:	  0268	00			nop
   68:	  0269	DA FB		djnz	r2,here2
   69:	  026B	D9 F7		djnz 	r1,here1
   70:	  026D	22		ret
   71:				end





                     register banks used:  ---

                     no errors




ASEM-51 V1.3                                         Copyright (c) 2002 by W.W. Heinz                                         PAGE 3





	       L I S T   O F   S Y M B O L S
	       =============================


SYMBOL				  TYPE     VALUE	LINE
------------------------------------------------------------
??ASEM_51			  NUMBER    8051
??VERSION			  NUMBER    0130
AC				  BIT	      D6
ACC				  DATA	      E0
B				  DATA	      F0
CY				  BIT	      D7
DAO				  CODE	    025A	  52
DPH				  DATA	      83
DPL				  DATA	      82
EA				  BIT	      AF
ES				  BIT	      AC
ET0				  BIT	      A9
ET1				  BIT	      AB
EX0				  BIT	      A8
EX1				  BIT	      AA
EXTI0				  CODE	    0003
EXTI1				  CODE	    0013
F0				  BIT	      D5
HERE1				  CODE	    0264	  62
HERE2				  CODE	    0266	  64
IE				  DATA	      A8
IE0				  BIT	      89
IE1				  BIT	      8B
INT0				  BIT	      B2
INT1				  BIT	      B3
IP				  DATA	      B8
IT0				  BIT	      88
IT1				  BIT	      8A
LOOP1				  CODE	    0202	   6
LOOP2				  CODE	    0255	  47
MAIN				  CODE	    0200	   4
OV				  BIT	      D2
P				  BIT	      D0
P0				  DATA	      80
P1				  DATA	      90
P2				  DATA	      A0
P3				  DATA	      B0
PCON				  DATA	      87
PS				  BIT	      BC
PSW				  DATA	      D0
PT0				  BIT	      B9
PT1				  BIT	      BB
PX0				  BIT	      B8
PX1				  BIT	      BA
RB8				  BIT	      9A
RD				  BIT	      B7
REN				  BIT	      9C
RESET				  CODE	    0000
RI				  BIT	      98
RS0				  BIT	      D3

ASEM-51 V1.3                                         Copyright (c) 2002 by W.W. Heinz                                         PAGE 4



SYMBOL				  TYPE     VALUE	LINE
------------------------------------------------------------
RS1				  BIT	      D4
RXD				  BIT	      B0
SBUF				  DATA	      99
SCON				  DATA	      98
SINT				  CODE	    0023
SM0				  BIT	      9F
SM1				  BIT	      9E
SM2				  BIT	      9D
SP				  DATA	      81
T0				  BIT	      B4
T1				  BIT	      B5
TB8				  BIT	      9B
TCON				  DATA	      88
TF0				  BIT	      8D
TF1				  BIT	      8F
TH0				  DATA	      8C
TH1				  DATA	      8D
TI				  BIT	      99
TIMER0				  CODE	    000B
TIMER1				  CODE	    001B
TL0				  DATA	      8A
TL1				  DATA	      8B
TMOD				  DATA	      89
TR0				  BIT	      8C
TR1				  BIT	      8E
TXD				  BIT	      B1
WAIT1S				  CODE	    0262	  60
WR				  BIT	      B6
